../../../../../../../Drivers/CMSIS/Include/core_cm4.h:1933:34:__NVIC_SystemReset	0	static,ignoring_inline_asm
D:/PM_2022/LoRA Module/STM32Cube_FW_WL_V1.3.0/Projects/NUCLEO-WL55JC/Applications/LoRaWAN/LoRaWAN_End_Node/LoRaWAN/App/lora_app.c:347:13:AppCntloop	0	static
D:/PM_2022/LoRA Module/STM32Cube_FW_WL_V1.3.0/Projects/NUCLEO-WL55JC/Applications/LoRaWAN/LoRaWAN_End_Node/LoRaWAN/App/lora_app.c:798:13:OnSysTimeUpdate	0	static
D:/PM_2022/LoRA Module/STM32Cube_FW_WL_V1.3.0/Projects/NUCLEO-WL55JC/Applications/LoRaWAN/LoRaWAN_End_Node/LoRaWAN/App/lora_app.c:846:13:OnTxFrameCtrlChanged	0	static
D:/PM_2022/LoRA Module/STM32Cube_FW_WL_V1.3.0/Projects/NUCLEO-WL55JC/Applications/LoRaWAN/LoRaWAN_End_Node/LoRaWAN/App/lora_app.c:857:13:OnPingSlotPeriodicityChanged	0	static
D:/PM_2022/LoRA Module/STM32Cube_FW_WL_V1.3.0/Projects/NUCLEO-WL55JC/Applications/LoRaWAN/LoRaWAN_End_Node/LoRaWAN/App/lora_app.c:763:13:OnBeaconStatusChange	72	static
D:/PM_2022/LoRA Module/STM32Cube_FW_WL_V1.3.0/Projects/NUCLEO-WL55JC/Applications/LoRaWAN/LoRaWAN_End_Node/LoRaWAN/App/lora_app.c:805:13:OnClassChange	16	static
D:/PM_2022/LoRA Module/STM32Cube_FW_WL_V1.3.0/Projects/NUCLEO-WL55JC/Applications/LoRaWAN/LoRaWAN_End_Node/LoRaWAN/App/lora_app.c:957:13:OnNvmDataChange	8	static
D:/PM_2022/LoRA Module/STM32Cube_FW_WL_V1.3.0/Projects/NUCLEO-WL55JC/Applications/LoRaWAN/LoRaWAN_End_Node/LoRaWAN/App/lora_app.c:672:13:OnTxTimerEvent	8	static
D:/PM_2022/LoRA Module/STM32Cube_FW_WL_V1.3.0/Projects/NUCLEO-WL55JC/Applications/LoRaWAN/LoRaWAN_End_Node/LoRaWAN/App/lora_app.c:812:13:OnMacProcessNotify	8	static
D:/PM_2022/LoRA Module/STM32Cube_FW_WL_V1.3.0/Projects/NUCLEO-WL55JC/Applications/LoRaWAN/LoRaWAN_End_Node/LoRaWAN/App/lora_app.c:868:13:OnSystemReset	8	static
D:/PM_2022/LoRA Module/STM32Cube_FW_WL_V1.3.0/Projects/NUCLEO-WL55JC/Applications/LoRaWAN/LoRaWAN_End_Node/LoRaWAN/App/lora_app.c:824:13:OnTxPeriodicityChanged	8	static
D:/PM_2022/LoRA Module/STM32Cube_FW_WL_V1.3.0/Projects/NUCLEO-WL55JC/Applications/LoRaWAN/LoRaWAN_End_Node/LoRaWAN/App/lora_app.c:704:13:OnTxData	24	static
D:/PM_2022/LoRA Module/STM32Cube_FW_WL_V1.3.0/Projects/NUCLEO-WL55JC/Applications/LoRaWAN/LoRaWAN_End_Node/LoRaWAN/App/lora_app.c:733:13:OnJoinRequest	16	static
D:/PM_2022/LoRA Module/STM32Cube_FW_WL_V1.3.0/Projects/NUCLEO-WL55JC/Applications/LoRaWAN/LoRaWAN_End_Node/LoRaWAN/App/lora_app.c:919:13:OnStopJoinTimerEvent	8	static
D:/PM_2022/LoRA Module/STM32Cube_FW_WL_V1.3.0/Projects/NUCLEO-WL55JC/Applications/LoRaWAN/LoRaWAN_End_Node/LoRaWAN/App/lora_app.c:692:13:OnRxTimerLedEvent	8	static
D:/PM_2022/LoRA Module/STM32Cube_FW_WL_V1.3.0/Projects/NUCLEO-WL55JC/Applications/LoRaWAN/LoRaWAN_End_Node/LoRaWAN/App/lora_app.c:687:13:OnTxTimerLedEvent	8	static
D:/PM_2022/LoRA Module/STM32Cube_FW_WL_V1.3.0/Projects/NUCLEO-WL55JC/Applications/LoRaWAN/LoRaWAN_End_Node/LoRaWAN/App/lora_app.c:477:13:OnRxData	40	static
D:/PM_2022/LoRA Module/STM32Cube_FW_WL_V1.3.0/Projects/NUCLEO-WL55JC/Applications/LoRaWAN/LoRaWAN_End_Node/LoRaWAN/App/lora_app.c:975:13:OnStoreContextRequest	16	static
D:/PM_2022/LoRA Module/STM32Cube_FW_WL_V1.3.0/Projects/NUCLEO-WL55JC/Applications/LoRaWAN/LoRaWAN_End_Node/LoRaWAN/App/lora_app.c:990:13:OnRestoreContextRequest	8	static
D:/PM_2022/LoRA Module/STM32Cube_FW_WL_V1.3.0/Projects/NUCLEO-WL55JC/Applications/LoRaWAN/LoRaWAN_End_Node/LoRaWAN/App/lora_app.c:882:13:StopJoin	16	static
D:/PM_2022/LoRA Module/STM32Cube_FW_WL_V1.3.0/Projects/NUCLEO-WL55JC/Applications/LoRaWAN/LoRaWAN_End_Node/LoRaWAN/App/lora_app.c:935:13:StoreContext	8	static
D:/PM_2022/LoRA Module/STM32Cube_FW_WL_V1.3.0/Projects/NUCLEO-WL55JC/Applications/LoRaWAN/LoRaWAN_End_Node/LoRaWAN/App/lora_app.c:557:13:SendTxData	56	static
D:/PM_2022/LoRA Module/STM32Cube_FW_WL_V1.3.0/Projects/NUCLEO-WL55JC/Applications/LoRaWAN/LoRaWAN_End_Node/LoRaWAN/App/lora_app.c:697:13:OnJoinTimerLedEvent	8	static
D:/PM_2022/LoRA Module/STM32Cube_FW_WL_V1.3.0/Projects/NUCLEO-WL55JC/Applications/LoRaWAN/LoRaWAN_End_Node/LoRaWAN/App/lora_app.c:353:6:LoRaWAN_Init	48	static
D:/PM_2022/LoRA Module/STM32Cube_FW_WL_V1.3.0/Projects/NUCLEO-WL55JC/Applications/LoRaWAN/LoRaWAN_End_Node/LoRaWAN/App/lora_app.c:448:6:HAL_GPIO_EXTI_Callback	8	static
