D:/Product/LoRa/RAK/STM32Cube_FW_WL_V1.3.0/Drivers/BSP/STM32WLxx_Nucleo/stm32wlxx_nucleo_radio.c:46:9:BSP_RADIO_Init	48	static
D:/Product/LoRa/RAK/STM32Cube_FW_WL_V1.3.0/Drivers/BSP/STM32WLxx_Nucleo/stm32wlxx_nucleo_radio.c:94:9:BSP_RADIO_DeInit	16	static
D:/Product/LoRa/RAK/STM32Cube_FW_WL_V1.3.0/Drivers/BSP/STM32WLxx_Nucleo/stm32wlxx_nucleo_radio.c:131:9:BSP_RADIO_ConfigRFSwitch	8	static
D:/Product/LoRa/RAK/STM32Cube_FW_WL_V1.3.0/Drivers/BSP/STM32WLxx_Nucleo/stm32wlxx_nucleo_radio.c:205:9:BSP_RADIO_GetTxConfig	0	static
D:/Product/LoRa/RAK/STM32Cube_FW_WL_V1.3.0/Drivers/BSP/STM32WLxx_Nucleo/stm32wlxx_nucleo_radio.c:221:9:BSP_RADIO_IsTCXO	0	static
D:/Product/LoRa/RAK/STM32Cube_FW_WL_V1.3.0/Drivers/BSP/STM32WLxx_Nucleo/stm32wlxx_nucleo_radio.c:233:9:BSP_RADIO_IsDCDC	0	static
D:/Product/LoRa/RAK/STM32Cube_FW_WL_V1.3.0/Drivers/BSP/STM32WLxx_Nucleo/stm32wlxx_nucleo_radio.c:244:9:BSP_RADIO_GetRFOMaxPowerConfig	0	static
