D:/PM_2022/LoRA Module/STM32Cube_FW_WL_V1.3.0/Projects/NUCLEO-WL55JC/Applications/LoRaWAN/LoRaWAN_End_Node/Core/Src/main.c:165:6:HAL_TIM_PeriodElapsedCallback	8	static
D:/PM_2022/LoRA Module/STM32Cube_FW_WL_V1.3.0/Projects/NUCLEO-WL55JC/Applications/LoRaWAN/LoRaWAN_End_Node/Core/Src/main.c:182:6:Error_Handler	0	static,ignoring_inline_asm
D:/PM_2022/LoRA Module/STM32Cube_FW_WL_V1.3.0/Projects/NUCLEO-WL55JC/Applications/LoRaWAN/LoRaWAN_End_Node/Core/Src/main.c:109:6:SystemClock_Config	112	static
D:/PM_2022/LoRA Module/STM32Cube_FW_WL_V1.3.0/Projects/NUCLEO-WL55JC/Applications/LoRaWAN/LoRaWAN_End_Node/Core/Src/main.c:64:5:main	8	static
