D:/Product/LoRa/RAK/STM32Cube_FW_WL_V1.3.0/Middlewares/Third_Party/LoRaWAN/Mac/Region/RegionAS923.c:144:13:VerifyRfFreq	8	static
D:/Product/LoRa/RAK/STM32Cube_FW_WL_V1.3.0/Middlewares/Third_Party/LoRaWAN/Mac/Region/RegionAS923.c:159:20:GetTimeOnAir	32	static
D:/Product/LoRa/RAK/STM32Cube_FW_WL_V1.3.0/Middlewares/Third_Party/LoRaWAN/Mac/Region/RegionAS923.c:177:12:RegionAS923GetPhyParam	32	static
D:/Product/LoRa/RAK/STM32Cube_FW_WL_V1.3.0/Middlewares/Third_Party/LoRaWAN/Mac/Region/RegionAS923.c:425:6:RegionAS923SetBandTxDone	16	static
D:/Product/LoRa/RAK/STM32Cube_FW_WL_V1.3.0/Middlewares/Third_Party/LoRaWAN/Mac/Region/RegionAS923.c:438:6:RegionAS923InitDefaults	32	static
D:/Product/LoRa/RAK/STM32Cube_FW_WL_V1.3.0/Middlewares/Third_Party/LoRaWAN/Mac/Region/RegionAS923.c:512:6:RegionAS923Verify	8	static
D:/Product/LoRa/RAK/STM32Cube_FW_WL_V1.3.0/Middlewares/Third_Party/LoRaWAN/Mac/Region/RegionAS923.c:626:6:RegionAS923ChanMaskSet	8	static
D:/Product/LoRa/RAK/STM32Cube_FW_WL_V1.3.0/Middlewares/Third_Party/LoRaWAN/Mac/Region/RegionAS923.c:650:6:RegionAS923ComputeRxWindowParameters	32	static
D:/Product/LoRa/RAK/STM32Cube_FW_WL_V1.3.0/Middlewares/Third_Party/LoRaWAN/Mac/Region/RegionAS923.c:672:6:RegionAS923RxConfig	72	static
D:/Product/LoRa/RAK/STM32Cube_FW_WL_V1.3.0/Middlewares/Third_Party/LoRaWAN/Mac/Region/RegionAS923.c:734:6:RegionAS923TxConfig	88	static
D:/Product/LoRa/RAK/STM32Cube_FW_WL_V1.3.0/Middlewares/Third_Party/LoRaWAN/Mac/Region/RegionAS923.c:778:9:RegionAS923LinkAdrReq	88	static
D:/Product/LoRa/RAK/STM32Cube_FW_WL_V1.3.0/Middlewares/Third_Party/LoRaWAN/Mac/Region/RegionAS923.c:885:9:RegionAS923RxParamSetupReq	16	static
D:/Product/LoRa/RAK/STM32Cube_FW_WL_V1.3.0/Middlewares/Third_Party/LoRaWAN/Mac/Region/RegionAS923.c:965:8:RegionAS923TxParamSetupReq	0	static
D:/Product/LoRa/RAK/STM32Cube_FW_WL_V1.3.0/Middlewares/Third_Party/LoRaWAN/Mac/Region/RegionAS923.c:971:8:RegionAS923DlChannelReq	8	static
D:/Product/LoRa/RAK/STM32Cube_FW_WL_V1.3.0/Middlewares/Third_Party/LoRaWAN/Mac/Region/RegionAS923.c:1003:8:RegionAS923AlternateDr	0	static
D:/Product/LoRa/RAK/STM32Cube_FW_WL_V1.3.0/Middlewares/Third_Party/LoRaWAN/Mac/Region/RegionAS923.c:1013:17:RegionAS923NextChannel	112	static
D:/Product/LoRa/RAK/STM32Cube_FW_WL_V1.3.0/Middlewares/Third_Party/LoRaWAN/Mac/Region/RegionAS923.c:1095:17:RegionAS923ChannelAdd	24	static
D:/Product/LoRa/RAK/STM32Cube_FW_WL_V1.3.0/Middlewares/Third_Party/LoRaWAN/Mac/Region/RegionAS923.c:1158:6:RegionAS923ChannelsRemove	8	static
D:/Product/LoRa/RAK/STM32Cube_FW_WL_V1.3.0/Middlewares/Third_Party/LoRaWAN/Mac/Region/RegionAS923.c:565:6:RegionAS923ApplyCFList	40	static
D:/Product/LoRa/RAK/STM32Cube_FW_WL_V1.3.0/Middlewares/Third_Party/LoRaWAN/Mac/Region/RegionAS923.c:912:8:RegionAS923NewChannelReq	24	static
D:/Product/LoRa/RAK/STM32Cube_FW_WL_V1.3.0/Middlewares/Third_Party/LoRaWAN/Mac/Region/RegionAS923.c:1178:6:RegionAS923SetContinuousWave	16	static
D:/Product/LoRa/RAK/STM32Cube_FW_WL_V1.3.0/Middlewares/Third_Party/LoRaWAN/Mac/Region/RegionAS923.c:1192:9:RegionAS923ApplyDrOffset	0	static
D:/Product/LoRa/RAK/STM32Cube_FW_WL_V1.3.0/Middlewares/Third_Party/LoRaWAN/Mac/Region/RegionAS923.c:1237:6:RegionAS923RxBeaconSetup	40	static
