D:/PM_2022/LoRA Module/STM32Cube_FW_WL_V1.3.0/Projects/NUCLEO-WL55JC/Applications/LoRaWAN/LoRaWAN_End_Node/LoRaWAN/Target/radio_board_if.c:57:9:RBI_Init	56	static
D:/PM_2022/LoRA Module/STM32Cube_FW_WL_V1.3.0/Projects/NUCLEO-WL55JC/Applications/LoRaWAN/LoRaWAN_End_Node/LoRaWAN/Target/radio_board_if.c:121:9:RBI_DeInit	24	static
D:/PM_2022/LoRA Module/STM32Cube_FW_WL_V1.3.0/Projects/NUCLEO-WL55JC/Applications/LoRaWAN/LoRaWAN_End_Node/LoRaWAN/Target/radio_board_if.c:167:9:RBI_ConfigRFSwitch	8	static
D:/PM_2022/LoRA Module/STM32Cube_FW_WL_V1.3.0/Projects/NUCLEO-WL55JC/Applications/LoRaWAN/LoRaWAN_End_Node/LoRaWAN/Target/radio_board_if.c:251:9:RBI_GetTxConfig	0	static
D:/PM_2022/LoRA Module/STM32Cube_FW_WL_V1.3.0/Projects/NUCLEO-WL55JC/Applications/LoRaWAN/LoRaWAN_End_Node/LoRaWAN/Target/radio_board_if.c:274:9:RBI_GetWakeUpTime	0	static
D:/PM_2022/LoRA Module/STM32Cube_FW_WL_V1.3.0/Projects/NUCLEO-WL55JC/Applications/LoRaWAN/LoRaWAN_End_Node/LoRaWAN/Target/radio_board_if.c:297:9:RBI_IsTCXO	0	static
D:/PM_2022/LoRA Module/STM32Cube_FW_WL_V1.3.0/Projects/NUCLEO-WL55JC/Applications/LoRaWAN/LoRaWAN_End_Node/LoRaWAN/Target/radio_board_if.c:320:9:RBI_IsDCDC	0	static
D:/PM_2022/LoRA Module/STM32Cube_FW_WL_V1.3.0/Projects/NUCLEO-WL55JC/Applications/LoRaWAN/LoRaWAN_End_Node/LoRaWAN/Target/radio_board_if.c:343:9:RBI_GetRFOMaxPowerConfig	0	static
